Nothing to build in platform 'EMC3_platform'

13:15:50 **** Clean-only build of configuration Debug for project UART_test ****
make clean 
rm -rf ./src/UART_test.o ./src/platform.o ./src/UART_test.d ./src/platform.d UART_test.elf.size  UART_test.elf
 
13:15:51 **** Build of configuration Debug for project UART_test ****
make all 
Building file: ../src/UART_test.c
Invoking: ARM v8 gcc compiler
aarch64-none-elf-gcc -Wall -O0 -g3 -c -fmessage-length=0 -MT"src/UART_test.o" -I/home/sundance/Emilie_Projects/git/EMC3/BSP/2023.2/software/baremetal_classic/EMC3_platform/export/EMC3_platform/sw/EMC3_platform/standalone_domain/bspinclude/include -MMD -MP -MF"src/UART_test.d" -MT"src/UART_test.o" -o "src/UART_test.o" "../src/UART_test.c"
Finished building: ../src/UART_test.c
 
Building file: ../src/platform.c
Invoking: ARM v8 gcc compiler
aarch64-none-elf-gcc -Wall -O0 -g3 -c -fmessage-length=0 -MT"src/platform.o" -I/home/sundance/Emilie_Projects/git/EMC3/BSP/2023.2/software/baremetal_classic/EMC3_platform/export/EMC3_platform/sw/EMC3_platform/standalone_domain/bspinclude/include -MMD -MP -MF"src/platform.d" -MT"src/platform.o" -o "src/platform.o" "../src/platform.c"
Finished building: ../src/platform.c
 
Building target: UART_test.elf
Invoking: ARM v8 gcc linker
aarch64-none-elf-gcc -Wl,-T -Wl,../src/lscript.ld -L/home/sundance/Emilie_Projects/git/EMC3/BSP/2023.2/software/baremetal_classic/EMC3_platform/export/EMC3_platform/sw/EMC3_platform/standalone_domain/bsplib/lib -o "UART_test.elf" ./src/UART_test.o ./src/platform.o   -Wl,--start-group,-lxil,-lgcc,-lc,--end-group -Wl,--start-group,-lxilsecure,-lxil,-lgcc,-lc,--end-group -Wl,--start-group,-lxilpm,-lxil,-lgcc,-lc,--end-group -Wl,--start-group,-lxilffs,-lxil,-lgcc,-lc,--end-group
Finished building target: UART_test.elf
 
Invoking: ARM v8 Print Size
aarch64-none-elf-size UART_test.elf  |tee "UART_test.elf.size"
   text	   data	    bss	    dec	    hex	filename
  33349	   2176	  20651	  56176	   db70	UART_test.elf
Finished building: UART_test.elf.size
 
